Γû▓ Next.js 16.1.6 (Turbopack)
- Environments: .env

node.exe : ΓÜá The 
"middleware" file 
convention is 
deprecated. Please 
use "proxy" instead. 
Learn more: https://ne
xtjs.org/docs/messages
/middleware-to-proxy
At line:1 char:1
+ & "C:\Program Files\
nodejs/node.exe" 
"C:\Program 
Files\nodejs/node_mo 
...
+ ~~~~~~~~~~~~~~~~~~~~
~~~~~~~~~~~~~~~~~~~~~~
~~~~~~~~~~~~~~~~~~~~~~
~~~~~
    + CategoryInfo    
          : NotSpeci  
  fied: (ΓÜá The "m   
 iddle...leware-to    
-proxy:String) []    
, RemoteException
    + FullyQualifiedE 
   rrorId : NativeCo  
  mmandError
 
  Creating an optimized production build ...
Γ£ô Compiled successfully in 10.4s
  Running TypeScript ...
  Collecting page data using 7 workers ...
  Generating static pages using 7 workers (0/34) ...
  Generating static pages using 7 workers (8/34) 
  Generating static pages using 7 workers (16/34) 
  Generating static pages using 7 workers (25/34) 
Γ£ô Generating static pages using 7 workers (34/34) in 473.5ms
  Finalizing page optimization ...

Route (app)
Γöî Γùï /
Γö£ Γùï /_not-found
Γö£ ╞Æ /api/admin/content
Γö£ ╞Æ /api/admin/content/software/[id]/stats
Γö£ ╞Æ /api/admin/premium/requests/[id]
Γö£ ╞Æ /api/admin/serials/bulk
Γö£ ╞Æ /api/admin/serials/generate
Γö£ ╞Æ /api/admin/serials/import
Γö£ ╞Æ /api/admin/users/[id]/status
Γö£ ╞Æ /api/auth/[...nextauth]
Γö£ ╞Æ /api/auth/register
Γö£ ╞Æ /api/auth/verify-email
Γö£ ╞Æ /api/support
Γö£ ╞Æ /api/support/tickets
Γö£ ╞Æ /api/support/tickets/[id]/messages
Γö£ ╞Æ /dashboard
Γö£ ╞Æ /dashboard/activity
Γö£ ╞Æ /dashboard/admin
Γö£ ╞Æ /dashboard/admin/content
Γö£ ╞Æ /dashboard/admin/content/software
Γö£ ╞Æ /dashboard/admin/content/videos
Γö£ ╞Æ /dashboard/admin/logs
Γö£ ╞Æ /dashboard/admin/premium
Γö£ ╞Æ /dashboard/admin/serials
Γö£ ╞Æ /dashboard/admin/settings
Γö£ ╞Æ /dashboard/admin/settings/notifications
Γö£ ╞Æ /dashboard/admin/support
Γö£ ╞Æ /dashboard/admin/support/[id]
Γö£ ╞Æ /dashboard/admin/users
Γö£ ╞Æ /dashboard/admin/users/[id]
Γö£ ╞Æ /dashboard/premium/accounts
Γö£ ╞Æ /dashboard/premium/licenses
Γö£ ╞Æ /dashboard/profile
Γö£ ╞Æ /dashboard/software
Γö£ ╞Æ /dashboard/support
Γö£ ╞Æ /dashboard/support/[id]
Γö£ ╞Æ /dashboard/support/new
Γö£ ╞Æ /dashboard/tutorials
Γö£ Γùï /login
Γöö Γùï /register


╞Æ Proxy (Middleware)

Γùï  (Static)   prerendered as static content
╞Æ  (Dynamic)  server-rendered on demand

